23:17:51 **** Incremental Build of configuration Debug for project drone_v1 ****
make -j8 all 
arm-none-eabi-gcc "../Core/Src/main.c" -mcpu=cortex-m4 -std=gnu11 -g3 -DDEBUG -DUSE_HAL_DRIVER -DSTM32F411xE -c -I../Core/Inc -I../Drivers/STM32F4xx_HAL_Driver/Inc -I../Drivers/STM32F4xx_HAL_Driver/Inc/Legacy -I../Drivers/CMSIS/Device/ST/STM32F4xx/Include -I../Drivers/CMSIS/Include -I"D:/STM32Cube/Nucleo_F411RE/drone_v1/App" -I"D:/STM32Cube/Nucleo_F411RE/drone_v1/App/common" -I"D:/STM32Cube/Nucleo_F411RE/drone_v1/App/hw" -O0 -ffunction-sections -fdata-sections -Wall -fstack-usage -fcyclomatic-complexity -MMD -MP -MF"Core/Src/main.d" -MT"Core/Src/main.o" --specs=nano.specs -mfpu=fpv4-sp-d16 -mfloat-abi=hard -mthumb -o "Core/Src/main.o"
arm-none-eabi-gcc "../App/ap.c" -mcpu=cortex-m4 -std=gnu11 -g3 -DDEBUG -DUSE_HAL_DRIVER -DSTM32F411xE -c -I../Core/Inc -I../Drivers/STM32F4xx_HAL_Driver/Inc -I../Drivers/STM32F4xx_HAL_Driver/Inc/Legacy -I../Drivers/CMSIS/Device/ST/STM32F4xx/Include -I../Drivers/CMSIS/Include -I"D:/STM32Cube/Nucleo_F411RE/drone_v1/App" -I"D:/STM32Cube/Nucleo_F411RE/drone_v1/App/common" -I"D:/STM32Cube/Nucleo_F411RE/drone_v1/App/hw" -O0 -ffunction-sections -fdata-sections -Wall -fstack-usage -fcyclomatic-complexity -MMD -MP -MF"App/ap.d" -MT"App/ap.o" --specs=nano.specs -mfpu=fpv4-sp-d16 -mfloat-abi=hard -mthumb -o "App/ap.o"
arm-none-eabi-gcc -o "drone_v1.elf" @"objects.list"   -mcpu=cortex-m4 -T"D:\STM32Cube\Nucleo_F411RE\drone_v1\STM32F411RETX_FLASH.ld" --specs=nosys.specs -Wl,-Map="drone_v1.map" -Wl,--gc-sections -static --specs=nano.specs -mfpu=fpv4-sp-d16 -mfloat-abi=hard -mthumb -u _printf_float -Wl,--start-group -lc -lm -Wl,--end-group
Finished building target: drone_v1.elf
 
arm-none-eabi-size  drone_v1.elf 
arm-none-eabi-objdump -h -S drone_v1.elf  > "drone_v1.list"
   text	   data	    bss	    dec	    hex	filename
  19152	    468	   1908	  21528	   5418	drone_v1.elf
Finished building: default.size.stdout
 
Finished building: drone_v1.list
 
